******************************************************************************
                  TI ARM Linker PC v18.1.2                     
******************************************************************************
>> Linked Sun Jul  8 01:48:15 2018

OUTPUT FILE NAME:   <01_LED.out>
ENTRY POINT SYMBOL: "_c_int00"  address: 000061c0


MEMORY CONFIGURATION

         name            origin    length      used     unused   attr    fill
----------------------  --------  ---------  --------  --------  ----  --------
  VECTORS               00000000   00000020  00000020  00000000     X
  FLASH0                00000020   0013ffe0  00006ec0  00139120  R  X
  STACKS                08000000   00001500  00000000  00001500  RW  
  RAM                   08001500   0002eb00  0000001c  0002eae4  RW  


SEGMENT ALLOCATION MAP

run origin  load origin   length   init length attrs members
----------  ----------- ---------- ----------- ----- -------
00000000    00000000    00006ee0   00006ee0    r-x
  00000000    00000000    00000020   00000020    r-x .intvecs
  00000020    00000020    00006c98   00006c98    r-x .text
  00006cb8    00006cb8    00000200   00000200    r-- .const
  00006eb8    00006eb8    00000028   00000028    r-- .cinit
08001500    08001500    0000001c   00000000    rw-
  08001500    08001500    0000001c   00000000    rw- .data


SECTION ALLOCATION MAP

 output                                  attributes/
section   page    origin      length       input sections
--------  ----  ----------  ----------   ----------------
.intvecs   0    00000000    00000020     
                  00000000    00000020     sys_intvecs.obj (.intvecs)

.text      0    00000020    00006c98     
                  00000020    00002cdc     sys_selftest.obj (.text)
                  00002cfc    00000b28     system.obj (.text)
                  00003824    00000a54     sys_vim.obj (.text)
                  00004278    000008b8     pinmux.obj (.text)
                  00004b30    00000638     rti.obj (.text)
                  00005168    000005bc     esm.obj (.text)
                  00005724    00000484     gio.obj (.text)
                  00005ba8    0000034c     sys_core.obj (.text)
                  00005ef4    000002cc     sys_vim.obj (.text:retain)
                  000061c0    0000027c     sys_startup.obj (.text:retain)
                  0000643c    000001b0     led.obj (.text)
                  000065ec    0000016c     notification.obj (.text)
                  00006758    00000114     esm.obj (.text:retain)
                  0000686c    000000e8     dabort.obj (.text)
                  00006954    000000e0     sys_pmu.obj (.text)
                  00006a34    0000009c     rtsv7R4_T_le_v3D16_eabi.lib : memcpy_t2.asm.obj (.text)
                  00006ad0    00000090     bsp.obj (.text)
                  00006b60    0000006c     rtsv7R4_T_le_v3D16_eabi.lib : copy_decompress_lzss.c.obj (.text:decompress:lzss:__TI_decompress_lzss)
                  00006bcc    0000004c     rti.obj (.text:retain)
                  00006c18    00000044     rtsv7R4_T_le_v3D16_eabi.lib : autoinit.c.obj (.text:__TI_auto_init_nobinit_nopinit:__TI_auto_init_nobinit_nopinit)
                  00006c5c    0000001c     ap.obj (.text)
                  00006c78    00000018     main.obj (.text)
                  00006c90    00000010     hw.obj (.text)
                  00006ca0    0000000e     rtsv7R4_T_le_v3D16_eabi.lib : copy_decompress_none.c.obj (.text:decompress:none:__TI_decompress_none)
                  00006cae    00000004                                 : exit.c.obj (.text:abort:abort)
                  00006cb2    00000002     --HOLE-- [fill = 0]
                  00006cb4    00000004     sys_phantom.obj (.text:retain)

.const     0    00006cb8    00000200     
                  00006cb8    00000200     sys_vim.obj (.const:s_vim_init)

.cinit     0    00006eb8    00000028     
                  00006eb8    00000016     (.cinit..data.load) [load image, compression = lzss]
                  00006ece    00000002     --HOLE-- [fill = 0]
                  00006ed0    00000008     (__TI_handler_table)
                  00006ed8    00000008     (__TI_cinit_table)

.data      0    08001500    0000001c     UNINITIALIZED
                  08001500    00000018     led.obj (.data:led_tbl)
                  08001518    00000004     bsp.obj (.data)

MODULE SUMMARY

       Module                       code    ro data   rw data
       ------                       ----    -------   -------
    .\src\
       main.obj                     24      0         0      
    +--+----------------------------+-------+---------+---------+
       Total:                       24      0         0      
                                                             
    .\src\ap\
       ap.obj                       28      0         0      
    +--+----------------------------+-------+---------+---------+
       Total:                       28      0         0      
                                                             
    .\src\bsp\
       bsp.obj                      144     0         4      
    +--+----------------------------+-------+---------+---------+
       Total:                       144     0         4      
                                                             
    .\src\hw\
       hw.obj                       16      0         0      
    +--+----------------------------+-------+---------+---------+
       Total:                       16      0         0      
                                                             
    .\src\hw\core\
       led.obj                      432     0         24     
    +--+----------------------------+-------+---------+---------+
       Total:                       432     0         24     
                                                             
    .\src\lib\HAL\source\
       sys_selftest.obj             11484   0         0      
       sys_vim.obj                  3360    512       0      
       system.obj                   2856    0         0      
       pinmux.obj                   2232    0         0      
       esm.obj                      1744    0         0      
       rti.obj                      1668    0         0      
       gio.obj                      1156    0         0      
       sys_core.obj                 844     0         0      
       sys_startup.obj              636     0         0      
       notification.obj             364     0         0      
       dabort.obj                   232     0         0      
       sys_pmu.obj                  224     0         0      
       sys_intvecs.obj              32      0         0      
       sys_phantom.obj              4       0         0      
    +--+----------------------------+-------+---------+---------+
       Total:                       26836   512       0      
                                                             
    C:/ti/ccsv8/tools/compiler/ti-cgt-arm_18.1.2.LTS/lib/rtsv7R4_T_le_v3D16_eabi.lib
       memcpy_t2.asm.obj            156     0         0      
       copy_decompress_lzss.c.obj   108     0         0      
       autoinit.c.obj               68      0         0      
       copy_decompress_none.c.obj   14      0         0      
       exit.c.obj                   4       0         0      
    +--+----------------------------+-------+---------+---------+
       Total:                       350     0         0      
                                                             
       Linker Generated:            0       38        0      
    +--+----------------------------+-------+---------+---------+
       Grand Total:                 27830   550       28     


LINKER GENERATED COPY TABLES

__TI_cinit_table @ 00006ed8 records: 1, size/record: 8, table size: 8
	.data: load addr=00006eb8, load size=00000016 bytes, run addr=08001500, run size=0000001c bytes, compression=lzss


LINKER GENERATED HANDLER TABLE

__TI_handler_table @ 00006ed0 records: 2, size/record: 4, table size: 8
	index: 0, handler: __TI_decompress_lzss
	index: 1, handler: __TI_decompress_none


GLOBAL SYMBOLS: SORTED ALPHABETICALLY BY Name 

address   name                                
-------   ----                                
00006caf  C$$EXIT                             
00004e9c  IsdwdKeySequenceCorrect             
UNDEFED   SHT$$INIT_ARRAY$$Base               
UNDEFED   SHT$$INIT_ARRAY$$Limit              
00006ed8  __TI_CINIT_Base                     
00006ee0  __TI_CINIT_Limit                    
00006ed0  __TI_Handler_Table_Base             
00006ed8  __TI_Handler_Table_Limit            
00005eec  __TI_PINIT_Base                     
00005ef0  __TI_PINIT_Limit                    
00006c19  __TI_auto_init_nobinit_nopinit      
00006b61  __TI_decompress_lzss                
00006ca1  __TI_decompress_none                
ffffffff  __TI_pprof_out_hndl                 
ffffffff  __TI_prof_data_size                 
ffffffff  __TI_prof_data_start                
00000000  __TI_static_base__                  
00006a35  __aeabi_memcpy                      
00006a35  __aeabi_memcpy4                     
00006a35  __aeabi_memcpy8                     
ffffffff  __binit__                           
ffffffff  __c_args__                          
000061c0  _c_int00                            
00005e04  _coreClearAuxiliaryDataFault_       
00005e18  _coreClearAuxiliaryInstructionFault_
00005ddc  _coreClearDataFaultAddress_         
00005db4  _coreClearDataFault_                
00005df0  _coreClearInstructionFaultAddress_  
00005dc8  _coreClearInstructionFault_         
00005d48  _coreDisableEventBusExport_         
00005d8c  _coreDisableFlashEcc_               
00005d68  _coreDisableRamEcc_                 
00005d38  _coreEnableEventBusExport_          
00005d78  _coreEnableFlashEcc_                
00005d9c  _coreEnableIrqVicOffset_            
00005d58  _coreEnableRamEcc_                  
00005d20  _coreEnableVfp_                     
00005dfc  _coreGetAuxiliaryDataFault_         
00005e10  _coreGetAuxiliaryInstructionFault_  
00005dd4  _coreGetDataFaultAddress_           
00005dac  _coreGetDataFault_                  
00005de8  _coreGetInstructionFaultAddress_    
00005dc0  _coreGetInstructionFault_           
00005ba8  _coreInitRegisters_                 
00005cb4  _coreInitStackPointer_              
0000686c  _dabort                             
00005e2c  _disable_FIQ_interrupt_             
00005e34  _disable_IRQ_interrupt_             
00005e24  _disable_interrupt_                 
00005e3c  _enable_interrupt_                  
00005ecc  _errata_CORTEXR4_57_                
00005edc  _errata_CORTEXR4_66_                
00005e44  _esmCcmErrorsClear_                 
00005d00  _getCPSRValue_                      
00005d08  _gotoCPUIdle_                       
000069b0  _pmuDisableCountersGlobal_          
000069a0  _pmuEnableCountersGlobal_           
00006a0c  _pmuGetCycleCount_                  
00006a14  _pmuGetEventCount_                  
00006a20  _pmuGetOverflow_                    
00006954  _pmuInit_                           
000069e0  _pmuResetCounters_                  
000069c0  _pmuResetCycleCounter_              
000069d0  _pmuResetEventCounters_             
00006a00  _pmuSetCountEvent_                  
000069f0  _pmuStartCounters_                  
000069f8  _pmuStopCounters_                   
UNDEFED   _system_post_cinit                  
00006caf  abort                               
0000126c  adc1ParityCheck                     
00001358  adc2ParityCheck                     
00006654  adcNotification                     
00006c5c  apInit                              
00006c60  apMain                              
ffffffff  binit                               
00006ae4  bspInit                             
00001410  can1ParityCheck                     
000014e8  can2ParityCheck                     
000015b0  can3ParityCheck                     
00006668  canErrorNotification                
00006690  canMessageNotification              
0000667c  canStatusChangeNotification         
00000030  ccmSelfCheck                        
000026fc  ccmr4GetConfigValue                 
00000938  checkB0RAMECC                       
00000b28  checkB1RAMECC                       
00001c18  checkClockMonitor                   
00000d18  checkFlashECC                       
00001cf4  checkFlashEEPROMECC                 
00001e8c  checkPLL1Slip                       
00001f8c  checkPLL2Slip                       
00002050  checkRAMAddrParity                  
000019d0  checkRAMECC                         
0000215c  checkRAMUERRTest                    
000007bc  checkefcSelfTest                    
00000234  cpuSelfTest                         
00000dfc  cpuSelfTestFail                     
00000df4  custom_dabort                       
00006b14  delay                               
00002b58  disableParity                       
00006744  dmaGroupANotification               
00000eac  dmaParityCheck                      
00004f04  dwdClearFlag                        
00004e38  dwdCounterEnable                    
00004e80  dwdGenerateSysReset                 
00004ed0  dwdGetStatus                        
00004f14  dwdGetViolationStatus               
00004dbc  dwdInit                             
00004e64  dwdReset                            
00004e48  dwdSetPreload                       
00004e2c  dwwdGetCurrentDownCounter           
00004de4  dwwdInit                            
0000671c  edgeNotification                    
00000660  efcCheck                            
00002660  efcGetConfigValue                   
00000794  efcSelfTest                         
000006e8  efcStuckZeroTest                    
00002ad0  enableParity                        
0000276c  errata_PBIST_4                      
000052ec  esmActivateNormalOperation          
000053c0  esmClearStatus                      
00005400  esmClearStatusBuffer                
000052b4  esmDisableError                     
00005324  esmDisableInterrupt                 
0000528c  esmEnableError                      
000052fc  esmEnableInterrupt                  
000054f8  esmEnterSelfTest                    
00005270  esmError                            
000055d0  esmGetConfigValue                   
0000543c  esmGetStatus                        
000054c0  esmGetStatusBuffer                  
000065ec  esmGroup1Notification               
000065fc  esmGroup2Notification               
00006758  esmHighInterrupt                    
00005168  esmInit                             
00005580  esmSelfTestStatus                   
0000541c  esmSetCounterPreloadValue           
0000534c  esmSetInterruptLevel                
000052dc  esmTriggerErrorPinReset             
000022c4  fmcBus1ParityCheck                  
0000085c  fmcBus2Check                        
00000898  fmcECCcheck                         
00005984  gioDisableNotification              
0000591c  gioEnableNotification               
00005884  gioGetBit                           
000059ec  gioGetConfigValue                   
000058ac  gioGetPort                          
00005724  gioInit                             
000066a4  gioNotification                     
00005814  gioSetBit                           
000057f4  gioSetDirection                     
00005864  gioSetPort                          
000058c4  gioToggleBit                        
00000f58  het1ParityCheck                     
000010c0  het2ParityCheck                     
00006730  hetNotification                     
00001004  htu1ParityCheck                     
000011bc  htu2ParityCheck                     
00006c90  hwInit                              
0000643c  ledInit                             
00006524  ledOff                              
000064cc  ledOn                               
0000659c  ledToggle                           
08001500  led_tbl                             
00006c78  main                                
00002e38  mapClocks                           
00006a35  memcpy                              
00000174  memoryInit                          
0000660c  memoryPort0TestFailNotification     
00006628  memoryPort1TestFailNotification     
00001684  mibspi1ParityCheck                  
0000178c  mibspi3ParityCheck                  
000018b0  mibspi5ParityCheck                  
000066cc  mibspiGroupNotification             
000066b8  mibspiNotification                  
00006b08  millis                              
00004278  muxInit                             
000023ec  pbistFail                           
00002470  pbistGetConfigValue                 
000005a8  pbistIsTestCompleted                
000005d4  pbistIsTestPassed                   
00000608  pbistPortTestStatus                 
000004ac  pbistRun                            
000002cc  pbistSelfCheck                      
00000578  pbistStop                           
00002de4  periphInit                          
00006cb4  phantomInterrupt                    
0000472c  pinmuxGetConfigValue                
00006704  pwmNotification                     
00000000  resetEntry                          
00006bcc  rtiCompare0Interrupt                
00004fc4  rtiDisableNotification              
00004f9c  rtiEnableNotification               
00004fe0  rtiGetConfigValue                   
00004d30  rtiGetCurrentTick                   
00004d08  rtiGetPeriod                        
00004b30  rtiInit                             
00006b40  rtiNotification                     
00004c7c  rtiResetCounter                     
00004ce0  rtiSetPeriod                        
00004c24  rtiStartCounter                     
00004c50  rtiStopCounter                      
00000020  selftestFailNotification            
00002da4  setupFlash                          
00002cfc  setupPLL                            
000066f4  spiEndNotification                  
000066e0  spiNotification                     
0000361c  sramGetConfigValue                  
000025bc  stcGetConfigValue                   
000001b8  stcSelfCheck                        
00000df8  stcSelfCheckFail                    
0000305c  systemGetConfigValue                
00002f60  systemInit                          
0000302c  systemPowerDown                     
00003470  tcmflashGetConfigValue              
08001518  time_tick_counter                   
00002d5c  trimLPO                             
000038f8  vimChannelMap                       
00003b64  vimDisableInterrupt                 
0000399c  vimEnableInterrupt                  
00003c10  vimGetConfigValue                   
00003824  vimInit                             
00000e00  vimParityCheck                      
00005ef4  vimParityErrorHandler               


GLOBAL SYMBOLS: SORTED BY Symbol Address 

address   name                                
-------   ----                                
00000000  __TI_static_base__                  
00000000  resetEntry                          
00000020  selftestFailNotification            
00000030  ccmSelfCheck                        
00000174  memoryInit                          
000001b8  stcSelfCheck                        
00000234  cpuSelfTest                         
000002cc  pbistSelfCheck                      
000004ac  pbistRun                            
00000578  pbistStop                           
000005a8  pbistIsTestCompleted                
000005d4  pbistIsTestPassed                   
00000608  pbistPortTestStatus                 
00000660  efcCheck                            
000006e8  efcStuckZeroTest                    
00000794  efcSelfTest                         
000007bc  checkefcSelfTest                    
0000085c  fmcBus2Check                        
00000898  fmcECCcheck                         
00000938  checkB0RAMECC                       
00000b28  checkB1RAMECC                       
00000d18  checkFlashECC                       
00000df4  custom_dabort                       
00000df8  stcSelfCheckFail                    
00000dfc  cpuSelfTestFail                     
00000e00  vimParityCheck                      
00000eac  dmaParityCheck                      
00000f58  het1ParityCheck                     
00001004  htu1ParityCheck                     
000010c0  het2ParityCheck                     
000011bc  htu2ParityCheck                     
0000126c  adc1ParityCheck                     
00001358  adc2ParityCheck                     
00001410  can1ParityCheck                     
000014e8  can2ParityCheck                     
000015b0  can3ParityCheck                     
00001684  mibspi1ParityCheck                  
0000178c  mibspi3ParityCheck                  
000018b0  mibspi5ParityCheck                  
000019d0  checkRAMECC                         
00001c18  checkClockMonitor                   
00001cf4  checkFlashEEPROMECC                 
00001e8c  checkPLL1Slip                       
00001f8c  checkPLL2Slip                       
00002050  checkRAMAddrParity                  
0000215c  checkRAMUERRTest                    
000022c4  fmcBus1ParityCheck                  
000023ec  pbistFail                           
00002470  pbistGetConfigValue                 
000025bc  stcGetConfigValue                   
00002660  efcGetConfigValue                   
000026fc  ccmr4GetConfigValue                 
0000276c  errata_PBIST_4                      
00002ad0  enableParity                        
00002b58  disableParity                       
00002cfc  setupPLL                            
00002d5c  trimLPO                             
00002da4  setupFlash                          
00002de4  periphInit                          
00002e38  mapClocks                           
00002f60  systemInit                          
0000302c  systemPowerDown                     
0000305c  systemGetConfigValue                
00003470  tcmflashGetConfigValue              
0000361c  sramGetConfigValue                  
00003824  vimInit                             
000038f8  vimChannelMap                       
0000399c  vimEnableInterrupt                  
00003b64  vimDisableInterrupt                 
00003c10  vimGetConfigValue                   
00004278  muxInit                             
0000472c  pinmuxGetConfigValue                
00004b30  rtiInit                             
00004c24  rtiStartCounter                     
00004c50  rtiStopCounter                      
00004c7c  rtiResetCounter                     
00004ce0  rtiSetPeriod                        
00004d08  rtiGetPeriod                        
00004d30  rtiGetCurrentTick                   
00004dbc  dwdInit                             
00004de4  dwwdInit                            
00004e2c  dwwdGetCurrentDownCounter           
00004e38  dwdCounterEnable                    
00004e48  dwdSetPreload                       
00004e64  dwdReset                            
00004e80  dwdGenerateSysReset                 
00004e9c  IsdwdKeySequenceCorrect             
00004ed0  dwdGetStatus                        
00004f04  dwdClearFlag                        
00004f14  dwdGetViolationStatus               
00004f9c  rtiEnableNotification               
00004fc4  rtiDisableNotification              
00004fe0  rtiGetConfigValue                   
00005168  esmInit                             
00005270  esmError                            
0000528c  esmEnableError                      
000052b4  esmDisableError                     
000052dc  esmTriggerErrorPinReset             
000052ec  esmActivateNormalOperation          
000052fc  esmEnableInterrupt                  
00005324  esmDisableInterrupt                 
0000534c  esmSetInterruptLevel                
000053c0  esmClearStatus                      
00005400  esmClearStatusBuffer                
0000541c  esmSetCounterPreloadValue           
0000543c  esmGetStatus                        
000054c0  esmGetStatusBuffer                  
000054f8  esmEnterSelfTest                    
00005580  esmSelfTestStatus                   
000055d0  esmGetConfigValue                   
00005724  gioInit                             
000057f4  gioSetDirection                     
00005814  gioSetBit                           
00005864  gioSetPort                          
00005884  gioGetBit                           
000058ac  gioGetPort                          
000058c4  gioToggleBit                        
0000591c  gioEnableNotification               
00005984  gioDisableNotification              
000059ec  gioGetConfigValue                   
00005ba8  _coreInitRegisters_                 
00005cb4  _coreInitStackPointer_              
00005d00  _getCPSRValue_                      
00005d08  _gotoCPUIdle_                       
00005d20  _coreEnableVfp_                     
00005d38  _coreEnableEventBusExport_          
00005d48  _coreDisableEventBusExport_         
00005d58  _coreEnableRamEcc_                  
00005d68  _coreDisableRamEcc_                 
00005d78  _coreEnableFlashEcc_                
00005d8c  _coreDisableFlashEcc_               
00005d9c  _coreEnableIrqVicOffset_            
00005dac  _coreGetDataFault_                  
00005db4  _coreClearDataFault_                
00005dc0  _coreGetInstructionFault_           
00005dc8  _coreClearInstructionFault_         
00005dd4  _coreGetDataFaultAddress_           
00005ddc  _coreClearDataFaultAddress_         
00005de8  _coreGetInstructionFaultAddress_    
00005df0  _coreClearInstructionFaultAddress_  
00005dfc  _coreGetAuxiliaryDataFault_         
00005e04  _coreClearAuxiliaryDataFault_       
00005e10  _coreGetAuxiliaryInstructionFault_  
00005e18  _coreClearAuxiliaryInstructionFault_
00005e24  _disable_interrupt_                 
00005e2c  _disable_FIQ_interrupt_             
00005e34  _disable_IRQ_interrupt_             
00005e3c  _enable_interrupt_                  
00005e44  _esmCcmErrorsClear_                 
00005ecc  _errata_CORTEXR4_57_                
00005edc  _errata_CORTEXR4_66_                
00005eec  __TI_PINIT_Base                     
00005ef0  __TI_PINIT_Limit                    
00005ef4  vimParityErrorHandler               
000061c0  _c_int00                            
0000643c  ledInit                             
000064cc  ledOn                               
00006524  ledOff                              
0000659c  ledToggle                           
000065ec  esmGroup1Notification               
000065fc  esmGroup2Notification               
0000660c  memoryPort0TestFailNotification     
00006628  memoryPort1TestFailNotification     
00006654  adcNotification                     
00006668  canErrorNotification                
0000667c  canStatusChangeNotification         
00006690  canMessageNotification              
000066a4  gioNotification                     
000066b8  mibspiNotification                  
000066cc  mibspiGroupNotification             
000066e0  spiNotification                     
000066f4  spiEndNotification                  
00006704  pwmNotification                     
0000671c  edgeNotification                    
00006730  hetNotification                     
00006744  dmaGroupANotification               
00006758  esmHighInterrupt                    
0000686c  _dabort                             
00006954  _pmuInit_                           
000069a0  _pmuEnableCountersGlobal_           
000069b0  _pmuDisableCountersGlobal_          
000069c0  _pmuResetCycleCounter_              
000069d0  _pmuResetEventCounters_             
000069e0  _pmuResetCounters_                  
000069f0  _pmuStartCounters_                  
000069f8  _pmuStopCounters_                   
00006a00  _pmuSetCountEvent_                  
00006a0c  _pmuGetCycleCount_                  
00006a14  _pmuGetEventCount_                  
00006a20  _pmuGetOverflow_                    
00006a35  __aeabi_memcpy                      
00006a35  __aeabi_memcpy4                     
00006a35  __aeabi_memcpy8                     
00006a35  memcpy                              
00006ae4  bspInit                             
00006b08  millis                              
00006b14  delay                               
00006b40  rtiNotification                     
00006b61  __TI_decompress_lzss                
00006bcc  rtiCompare0Interrupt                
00006c19  __TI_auto_init_nobinit_nopinit      
00006c5c  apInit                              
00006c60  apMain                              
00006c78  main                                
00006c90  hwInit                              
00006ca1  __TI_decompress_none                
00006caf  C$$EXIT                             
00006caf  abort                               
00006cb4  phantomInterrupt                    
00006ed0  __TI_Handler_Table_Base             
00006ed8  __TI_CINIT_Base                     
00006ed8  __TI_Handler_Table_Limit            
00006ee0  __TI_CINIT_Limit                    
08001500  led_tbl                             
08001518  time_tick_counter                   
ffffffff  __TI_pprof_out_hndl                 
ffffffff  __TI_prof_data_size                 
ffffffff  __TI_prof_data_start                
ffffffff  __binit__                           
ffffffff  __c_args__                          
ffffffff  binit                               
UNDEFED   SHT$$INIT_ARRAY$$Base               
UNDEFED   SHT$$INIT_ARRAY$$Limit              
UNDEFED   _system_post_cinit                  

[224 symbols]
